19:59:47 **** Incremental Build of configuration Debug for project project1 ****
make -j4 all 
Building file: ../src/main.c
Invoking: MCU GCC Compiler
C:\Users\gergohs\week-08\project1\Debug
arm-none-eabi-gcc -mcpu=cortex-m7 -mthumb -mfloat-abi=hard -mfpu=fpv5-sp-d16 -DSTM32 -DSTM32F7 -DSTM32F746NGHx -DSTM32F746G_DISCO -DDEBUG -DSTM32F746xx -DUSE_HAL_DRIVER -I"C:/Users/gergohs/week-08/project1/Utilities/Components/ampire480272" -I"C:/Users/gergohs/week-08/project1/Utilities/Components/n25q512a" -I"C:/Users/gergohs/week-08/project1/Utilities/Components/s5k5cag" -I"C:/Users/gergohs/week-08/project1/Utilities/Components/mfxstm32l152" -I"C:/Users/gergohs/week-08/project1/CMSIS/device" -I"C:/Users/gergohs/week-08/project1/Utilities/Components/n25q128a" -I"C:/Users/gergohs/week-08/project1/Utilities/Components/ts3510" -I"C:/Users/gergohs/week-08/project1/Utilities/Components/st7735" -I"C:/Users/gergohs/week-08/project1/Utilities/Components/rk043fn48h" -I"C:/Users/gergohs/week-08/project1/HAL_Driver/Inc/Legacy" -I"C:/Users/gergohs/week-08/project1/Utilities/Components/ov9655" -I"C:/Users/gergohs/week-08/project1/Utilities/Components/otm8009a" -I"C:/Users/gergohs/week-08/project1/Utilities/STM32746G-Discovery" -I"C:/Users/gergohs/week-08/project1/Utilities/Components/Common" -I"C:/Users/gergohs/week-08/project1/HAL_Driver/Inc" -I"C:/Users/gergohs/week-08/project1/Utilities/Components/stmpe811" -I"C:/Users/gergohs/week-08/project1/Utilities/Components/wm8994" -I"C:/Users/gergohs/week-08/project1/Utilities/Fonts" -I"C:/Users/gergohs/week-08/project1/Utilities/Components/ft5336" -I"C:/Users/gergohs/week-08/project1/inc" -I"C:/Users/gergohs/week-08/project1/Utilities/Components/ft6x06" -I"C:/Users/gergohs/week-08/project1/Utilities/Components/exc7200" -I"C:/Users/gergohs/week-08/project1/Utilities/Components/st7789h2" -I"C:/Users/gergohs/week-08/project1/Utilities/Log" -I"C:/Users/gergohs/week-08/project1/Utilities/Components/adv7533" -I"C:/Users/gergohs/week-08/project1/Utilities/Components/ampire640480" -I"C:/Users/gergohs/week-08/project1/CMSIS/core" -I"C:/Users/gergohs/week-08/project1/Utilities/Components/mx25l512" -O0 -g3 -Wall -fmessage-length=0 -ffunction-sections -c -MMD -MP -MF"src/main.d" -MT"src/main.o" -o "src/main.o" "../src/main.c"
Finished building: ../src/main.c
 
Building target: project1.elf
Invoking: MCU GCC Linker
arm-none-eabi-gcc -mcpu=cortex-m7 -mthumb -mfloat-abi=hard -mfpu=fpv5-sp-d16 -T"C:/Users/gergohs/week-08/project1/LinkerScript.ld" -Wl,-Map=output.map -Wl,--gc-sections -o "project1.elf" @"objects.list"   -lm
Finished building target: project1.elf
 
make --no-print-directory post-build
Generating binary and Printing size information:
arm-none-eabi-objcopy -O binary "project1.elf" "project1.bin"
arm-none-eabi-size "project1.elf"
   text	   data	    bss	    dec	    hex	filename
   9640	   1120	   1740	  12500	   30d4	project1.elf
 

20:00:08 Build Finished (took 20s.925ms)

